// Jest Snapshot v1, https://goo.gl/fbAQLP

exports[`<DeviceConnection /> <DeviceConnection /> 1`] = `
<body>
  <div>
    <div
      class="h-full flex justify-center items-center"
    >
      <div
        class="max-w-xs sm:max-w-sm md:max-w-md lg:max-w-lg m-auto mt-10 mb-4 bg-white rounded-lg border border-primaryBorder shadow-default py-8 px-10 text-sm md:text-base lg:text-lg"
      >
        <div
          class="text-center m-5"
        >
          Connect my device
        </div>
        <form>
          <div>
            <label
              class="text-sm md:text-base"
            >
              Serial number
            </label>
            <input
              autocomplete="off"
              class="w-full p-2 text-xs md:text-md text-primary border rounded-md outline-none transition duration-150 ease-in-out mb-4"
              id="serialNumber"
              name="serialNumber"
              placeholder="Serial number..."
              required=""
              type="text"
            />
          </div>
          <div
            class="flex justify-center items-center mt-6"
          >
            <button
              class="text-xs md:text-sm bg-gray-800 py-2 px-4 text-white rounded border focus:outline-none font-light"
              type="submit"
            >
              Connect
            </button>
          </div>
        </form>
      </div>
    </div>
  </div>
</body>
`;
